// Vitest Snapshot v1, https://vitest.dev/guide/snapshot.html

exports[`Notification component > renders the correct style for error 1`] = `
"<div role=\\"alert\\" class=\\"notification notification--error\\">
  <p class=\\"notification__text\\"></p><button title=\\"close\\" class=\\"notification__button\\"> âœ• </button>
</div>"
`;
